// Jest Snapshot v1, https://goo.gl/fbAQLP

exports[`<Main /> should render test 1`] = `
<section>
  <h1>
    test
  </h1>
</section>
`;
